// Jest Snapshot v1, https://goo.gl/fbAQLP

exports[`matches imprint component snapshot 1`] = `
Array [
  " ",
  <div>
    Â© 
    2021
     Copyright
  </div>,
  <div
    data-testid="sample-item"
  >
    I am a sampleTester
  </div>,
]
`;
